0 triton med/min/max (30.9, 30.8, 33.2) cublas (32.7, 31.7, 39.8)
1 triton med/min/max (30.9, 30.7, 33.4) cublas (31.8, 31.7, 37.1)
2 triton med/min/max (30.9, 30.8, 31.5) cublas (31.8, 31.7, 36.7)
3 triton med/min/max (31.0, 30.8, 31.6) cublas (32.0, 31.7, 39.5)
4 triton med/min/max (30.9, 30.8, 31.6) cublas (31.8, 31.7, 39.8)
5 triton med/min/max (30.9, 30.8, 31.3) cublas (31.8, 31.7, 39.7)
6 triton med/min/max (30.9, 30.8, 31.5) cublas (31.8, 31.7, 39.6)
7 triton med/min/max (30.9, 30.8, 31.6) cublas (31.8, 31.7, 36.8)
8 triton med/min/max (30.9, 30.8, 32.5) cublas (31.8, 31.6, 39.6)
9 triton med/min/max (30.9, 30.8, 31.4) cublas (31.8, 31.7, 39.5)
10 triton med/min/max (31.1, 30.8, 37.2) cublas (31.8, 31.7, 39.5)
11 triton med/min/max (30.9, 30.8, 31.4) cublas (31.9, 31.6, 37.9)
12 triton med/min/max (30.9, 30.8, 39.2) cublas (31.8, 31.7, 34.9)
13 triton med/min/max (31.0, 30.9, 38.9) cublas (31.7, 31.6, 33.0)
14 triton med/min/max (30.9, 30.8, 31.6) cublas (32.0, 31.6, 39.7)
15 triton med/min/max (30.9, 30.8, 31.4) cublas (32.2, 31.7, 39.5)
16 triton med/min/max (30.9, 30.8, 39.2) cublas (31.8, 31.6, 36.5)
17 triton med/min/max (31.1, 30.8, 36.6) cublas (31.9, 31.7, 39.8)
18 triton med/min/max (30.9, 30.8, 31.7) cublas (31.8, 31.7, 39.8)
19 triton med/min/max (30.9, 30.8, 31.6) cublas (32.2, 31.7, 39.5)
20 triton med/min/max (30.9, 30.8, 32.8) cublas (31.9, 31.7, 36.6)
21 triton med/min/max (30.9, 30.9, 31.8) cublas (31.8, 31.7, 36.6)
22 triton med/min/max (30.9, 30.8, 40.1) cublas (31.8, 31.7, 38.8)
23 triton med/min/max (30.9, 30.8, 31.6) cublas (31.8, 31.7, 38.4)
24 triton med/min/max (30.9, 30.8, 31.4) cublas (31.8, 31.7, 39.6)
25 triton med/min/max (30.9, 30.8, 31.4) cublas (31.9, 31.7, 39.8)
26 triton med/min/max (30.9, 30.8, 31.7) cublas (32.1, 31.7, 39.8)
27 triton med/min/max (30.9, 30.8, 32.0) cublas (31.8, 31.7, 40.0)
28 triton med/min/max (30.9, 30.8, 31.6) cublas (32.0, 31.7, 39.8)
29 triton med/min/max (30.9, 30.8, 31.6) cublas (31.8, 31.7, 40.5)
30 triton med/min/max (30.9, 30.8, 32.6) cublas (31.9, 31.7, 39.9)
31 triton med/min/max (30.9, 30.8, 31.4) cublas (31.8, 31.7, 39.4)
32 triton med/min/max (30.9, 30.8, 39.3) cublas (31.9, 31.7, 40.0)
33 triton med/min/max (31.0, 30.8, 31.6) cublas (31.8, 31.7, 39.5)
34 triton med/min/max (31.0, 30.9, 38.6) cublas (32.0, 31.7, 34.5)
35 triton med/min/max (30.9, 30.8, 39.0) cublas (31.7, 31.6, 31.9)
36 triton med/min/max (30.9, 30.8, 31.7) cublas (31.8, 31.6, 38.4)
37 triton med/min/max (30.9, 30.8, 43.0) cublas (31.8, 31.6, 36.4)
38 triton med/min/max (30.9, 30.8, 39.2) cublas (31.9, 31.7, 39.4)
39 triton med/min/max (30.9, 30.8, 31.6) cublas (31.8, 31.7, 39.8)
after 2s load 0 triton (31.0, 30.9, 31.2) cublas (31.8, 31.7, 32.0)
after 2s load 1 triton (30.9, 30.8, 31.1) cublas (31.8, 31.7, 31.9)
after 2s load 2 triton (31.0, 30.9, 34.2) cublas (31.8, 31.7, 31.9)
after 2s load 3 triton (31.0, 30.8, 31.1) cublas (31.8, 31.7, 43.1)
after 2s load 4 triton (31.0, 30.9, 31.2) cublas (31.8, 31.7, 32.0)
