[tensorfold] kolibri1: 10/50 layers in 9s
[tensorfold] kolibri1: 20/50 layers in 18s
[tensorfold] kolibri1: 30/50 layers in 26s
[tensorfold] kolibri1: 40/50 layers in 34s
[tensorfold] kolibri1: 50/50 layers in 41s
drafter: 70.8M trainable; 19735 conversations (46.68M tokens), 3 held out; 22891 steps
{"epoch": 0, "step": 50, "tokens": 102400, "tok_s": 2148, "l1": 0.2646, "ce": 4.915, "top1": 0.319, "lr": 0.0001, "h": 0.01}
{"epoch": 0, "step": 100, "tokens": 204800, "tok_s": 2157, "l1": 0.2517, "ce": 4.088, "top1": 0.356, "lr": 0.0002, "h": 0.03}
{"epoch": 0, "step": 150, "tokens": 306657, "tok_s": 2180, "l1": 0.2379, "ce": 3.54, "top1": 0.431, "lr": 0.0002, "h": 0.04}
{"epoch": 0, "step": 200, "tokens": 416595, "tok_s": 2212, "l1": 0.2339, "ce": 3.29, "top1": 0.428, "lr": 0.0002, "h": 0.05}
{"epoch": 0, "step": 250, "tokens": 508755, "tok_s": 2195, "l1": 0.2321, "ce": 3.479, "top1": 0.403, "lr": 0.0002, "h": 0.06}
{"step": 250, "held_out": {"top1_assistant": 0.6457, "top1_all": 0.383, "assistant_tokens": 40748}, "decaying": false}
{"epoch": 0, "step": 300, "tokens": 611155, "tok_s": 2166, "l1": 0.2321, "ce": 3.461, "top1": 0.399, "lr": 0.0002, "h": 0.08}
{"epoch": 0, "step": 350, "tokens": 731379, "tok_s": 2187, "l1": 0.2322, "ce": 3.132, "top1": 0.462, "lr": 0.0002, "h": 0.09}
{"epoch": 0, "step": 400, "tokens": 815347, "tok_s": 2174, "l1": 0.2282, "ce": 3.234, "top1": 0.451, "lr": 0.0002, "h": 0.1}
{"epoch": 0, "step": 450, "tokens": 941410, "tok_s": 2202, "l1": 0.2223, "ce": 3.03, "top1": 0.471, "lr": 0.0002, "h": 0.12}
{"epoch": 0, "step": 500, "tokens": 1019234, "tok_s": 2187, "l1": 0.2229, "ce": 3.011, "top1": 0.46, "lr": 0.0002, "h": 0.13}
{"step": 500, "held_out": {"top1_assistant": 0.6513, "top1_all": 0.38, "assistant_tokens": 40748}, "decaying": false}
{"epoch": 0, "step": 550, "tokens": 1121634, "tok_s": 2168, "l1": 0.2227, "ce": 3.159, "top1": 0.43, "lr": 0.0002, "h": 0.14}
{"epoch": 0, "step": 600, "tokens": 1222775, "tok_s": 2171, "l1": 0.2173, "ce": 2.958, "top1": 0.443, "lr": 0.0002, "h": 0.16}
{"epoch": 0, "step": 650, "tokens": 1323603, "tok_s": 2173, "l1": 0.2184, "ce": 2.931, "top1": 0.48, "lr": 0.0002, "h": 0.17}
{"epoch": 0, "step": 700, "tokens": 1426003, "tok_s": 2173, "l1": 0.2163, "ce": 2.996, "top1": 0.443, "lr": 0.0002, "h": 0.18}
{"epoch": 0, "step": 750, "tokens": 1527099, "tok_s": 2177, "l1": 0.2128, "ce": 2.748, "top1": 0.487, "lr": 0.0002, "h": 0.19}
{"step": 750, "held_out": {"top1_assistant": 0.6512, "top1_all": 0.3702, "assistant_tokens": 40748}, "decaying": false}
{"epoch": 0, "step": 800, "tokens": 1629499, "tok_s": 2167, "l1": 0.2121, "ce": 2.995, "top1": 0.458, "lr": 0.0002, "h": 0.21}
{"epoch": 0, "step": 850, "tokens": 1731899, "tok_s": 2167, "l1": 0.2067, "ce": 2.784, "top1": 0.462, "lr": 0.0002, "h": 0.22}
{"epoch": 0, "step": 900, "tokens": 1833599, "tok_s": 2171, "l1": 0.2127, "ce": 2.874, "top1": 0.497, "lr": 0.0002, "h": 0.23}
{"epoch": 0, "step": 950, "tokens": 1934678, "tok_s": 2176, "l1": 0.2158, "ce": 2.632, "top1": 0.532, "lr": 0.0002, "h": 0.25}
{"epoch": 0, "step": 1000, "tokens": 2037078, "tok_s": 2175, "l1": 0.207, "ce": 2.786, "top1": 0.469, "lr": 0.0002, "h": 0.26}
{"step": 1000, "held_out": {"top1_assistant": 0.6498, "top1_all": 0.388, "assistant_tokens": 40748}, "decaying": false}
{"epoch": 0, "step": 1050, "tokens": 2139478, "tok_s": 2165, "l1": 0.2066, "ce": 2.746, "top1": 0.469, "lr": 0.0002, "h": 0.27}
{"epoch": 0, "step": 1100, "tokens": 2241878, "tok_s": 2165, "l1": 0.207, "ce": 2.746, "top1": 0.504, "lr": 0.0002, "h": 0.29}
{"epoch": 0, "step": 1150, "tokens": 2344278, "tok_s": 2166, "l1": 0.2054, "ce": 2.799, "top1": 0.481, "lr": 0.0002, "h": 0.3}
{"epoch": 0, "step": 1200, "tokens": 2446130, "tok_s": 2168, "l1": 0.1998, "ce": 2.56, "top1": 0.516, "lr": 0.0002, "h": 0.31}
{"epoch": 0, "step": 1250, "tokens": 2548530, "tok_s": 2168, "l1": 0.2027, "ce": 2.669, "top1": 0.482, "lr": 0.0002, "h": 0.33}
{"step": 1250, "held_out": {"top1_assistant": 0.6496, "top1_all": 0.3941, "assistant_tokens": 40748}, "decaying": false}
{"step": 1250, "plateau": [0.6513, 0.6512, 0.6498, 0.6496], "decay_steps": 300}
{"epoch": 0, "step": 1300, "tokens": 2650930, "tok_s": 2163, "l1": 0.2022, "ce": 2.701, "top1": 0.485, "lr": 0.000167, "h": 0.34}
{"epoch": 0, "step": 1350, "tokens": 2861874, "tok_s": 2150, "l1": 0.2054, "ce": 2.568, "top1": 0.524, "lr": 0.000134, "h": 0.37}
{"epoch": 0, "step": 1400, "tokens": 2861874, "tok_s": 2132, "l1": 0.1698, "ce": 0.692, "top1": 0.872, "lr": 0.000101, "h": 0.37}
{"epoch": 0, "step": 1450, "tokens": 2958130, "tok_s": 2132, "l1": 0.1955, "ce": 2.458, "top1": 0.533, "lr": 6.7e-05, "h": 0.39}
{"epoch": 0, "step": 1500, "tokens": 3059751, "tok_s": 2135, "l1": 0.2004, "ce": 2.496, "top1": 0.523, "lr": 3.4e-05, "h": 0.4}
{"step": 1500, "held_out": {"top1_assistant": 0.6532, "top1_all": 0.3893, "assistant_tokens": 40748}, "decaying": true}
{"epoch": 0, "step": 1550, "tokens": 3162151, "tok_s": 2130, "l1": 0.2022, "ce": 2.707, "top1": 0.493, "lr": 1e-05, "h": 0.41}
{"epoch": 0, "step": 1600, "tokens": 3263227, "tok_s": 2134, "l1": 0.2084, "ce": 2.589, "top1": 0.51, "lr": 1e-05, "h": 0.42}
{"epoch": 0, "step": 1650, "tokens": 3365627, "tok_s": 2134, "l1": 0.1998, "ce": 2.683, "top1": 0.52, "lr": 1e-05, "h": 0.44}
{"epoch": 0, "step": 1700, "tokens": 3477480, "tok_s": 2139, "l1": 0.202, "ce": 2.678, "top1": 0.489, "lr": 1e-05, "h": 0.45}
{"epoch": 0, "step": 1750, "tokens": 3569640, "tok_s": 2138, "l1": 0.1985, "ce": 2.435, "top1": 0.518, "lr": 1e-05, "h": 0.46}
{"step": 1750, "held_out": {"top1_assistant": 0.6535, "top1_all": 0.3935, "assistant_tokens": 40748}, "decaying": true}
{"final": {"top1_assistant": 0.6535, "top1_all": 0.3935, "assistant_tokens": 40748}, "step": 1750}
