[20:23:46] init /home/jschmied/kolibri-drafter/out15/drafter-step2500.pt, skip 2673088
[20:23:46] arm A (kl)
[20:45:09] arm A rc=0
[20:45:09] arm B (kl-auf)
[21:06:34] arm B rc=0
[21:06:34] arm C (ce-acc)
[21:27:58] arm C rc=0
[21:27:58] fresh SWE
{"ckpt": "/home/jschmied/kolibri-drafter/out15/drafter-step2500.pt", "accepted_3": 1.095, "accepted_4": 1.1985, "top1_steps": [0.6652, 0.3433, 0.2369, 0.187], "chains": 229055}
{"ckpt": "/home/jschmied/kolibri-drafter/out15ab-A/drafter.pt", "accepted_3": 1.1086, "accepted_4": 1.2182, "top1_steps": [0.6562, 0.3676, 0.2436, 0.1879], "chains": 229055}
{"ckpt": "/home/jschmied/kolibri-drafter/out15ab-B/drafter.pt", "accepted_3": 1.1204, "accepted_4": 1.2309, "top1_steps": [0.661, 0.3636, 0.2416, 0.1789], "chains": 229055}
{"ckpt": "/home/jschmied/kolibri-drafter/out15ab-C/drafter.pt", "accepted_3": 1.1244, "accepted_4": 1.2273, "top1_steps": [0.6676, 0.3663, 0.2471, 0.1859], "chains": 229055}
[21:30:40] fresh chat
{"ckpt": "/home/jschmied/kolibri-drafter/out15/drafter-step2500.pt", "accepted_3": 0.7855, "accepted_4": 0.8018, "top1_steps": [0.5702, 0.2336, 0.1348, 0.0927], "chains": 38167}
{"ckpt": "/home/jschmied/kolibri-drafter/out15ab-A/drafter.pt", "accepted_3": 0.8079, "accepted_4": 0.8268, "top1_steps": [0.5725, 0.2494, 0.1481, 0.1008], "chains": 38167}
{"ckpt": "/home/jschmied/kolibri-drafter/out15ab-B/drafter.pt", "accepted_3": 0.8084, "accepted_4": 0.829, "top1_steps": [0.5687, 0.2484, 0.1353, 0.086], "chains": 38167}
{"ckpt": "/home/jschmied/kolibri-drafter/out15ab-C/drafter.pt", "accepted_3": 0.8024, "accepted_4": 0.8181, "top1_steps": [0.5688, 0.2484, 0.1429, 0.0953], "chains": 38167}
[21:31:20] fresh German
{"ckpt": "/home/jschmied/kolibri-drafter/out15/drafter-step2500.pt", "accepted_3": 0.6453, "accepted_4": 0.6601, "top1_steps": [0.478, 0.195, 0.1211, 0.085], "chains": 65728}
{"ckpt": "/home/jschmied/kolibri-drafter/out15ab-A/drafter.pt", "accepted_3": 0.6546, "accepted_4": 0.6716, "top1_steps": [0.4732, 0.2058, 0.1302, 0.0908], "chains": 65728}
{"ckpt": "/home/jschmied/kolibri-drafter/out15ab-B/drafter.pt", "accepted_3": 0.6528, "accepted_4": 0.6716, "top1_steps": [0.4684, 0.2006, 0.1179, 0.0762], "chains": 65728}
{"ckpt": "/home/jschmied/kolibri-drafter/out15ab-C/drafter.pt", "accepted_3": 0.6411, "accepted_4": 0.6567, "top1_steps": [0.4669, 0.2004, 0.1257, 0.0855], "chains": 65728}
[21:32:14] == RUN15AB DONE ==
