{"swe": [13492, 21725, 9906, 16157, 24720, 46471, 20228, 24721, 38522, 42755], "chat": [112, 131, 136, 652, 158, 61, 139, 65], "de": [85, 79, 63, 66, 68, 66, 64, 65]}
[tensorfold] kolibri1: 10/50 layers in 11s
[tensorfold] kolibri1: 20/50 layers in 22s
[tensorfold] kolibri1: 30/50 layers in 33s
[tensorfold] kolibri1: 40/50 layers in 42s
[tensorfold] kolibri1: 50/50 layers in 50s
{"mode": "greedy", "domain": "swe", "arm": "copy", "prompts": 10, "tok_s": 46.56, "learned_proposed": 0, "learned_kept": 0, "mismatches": 0}
{"mode": "greedy", "domain": "swe", "arm": "learned-d2", "prompts": 10, "tok_s": 59.57, "learned_proposed": 862, "learned_kept": 486, "mismatches": 0}
{"mode": "greedy", "domain": "chat", "arm": "copy", "prompts": 8, "tok_s": 47.9, "learned_proposed": 0, "learned_kept": 0, "mismatches": 0}
{"mode": "greedy", "domain": "chat", "arm": "learned-d2", "prompts": 8, "tok_s": 56.13, "learned_proposed": 1985, "learned_kept": 962, "mismatches": 0}
{"mode": "greedy", "domain": "de", "arm": "copy", "prompts": 8, "tok_s": 50.72, "learned_proposed": 0, "learned_kept": 0, "mismatches": 0}
{"mode": "greedy", "domain": "de", "arm": "learned-d2", "prompts": 8, "tok_s": 64.0, "learned_proposed": 1765, "learned_kept": 969, "mismatches": 0}
{"mode": "served", "domain": "swe", "arm": "copy", "prompts": 10, "tok_s": 42.55, "learned_proposed": 0, "learned_kept": 0, "mismatches": 0}
{"mode": "served", "domain": "swe", "arm": "learned-d2", "prompts": 10, "tok_s": 59.15, "learned_proposed": 638, "learned_kept": 389, "mismatches": 0}
{"mode": "served", "domain": "chat", "arm": "copy", "prompts": 8, "tok_s": 47.82, "learned_proposed": 0, "learned_kept": 0, "mismatches": 0}
{"mode": "served", "domain": "chat", "arm": "learned-d2", "prompts": 8, "tok_s": 55.63, "learned_proposed": 1997, "learned_kept": 938, "mismatches": 0}
{"mode": "served", "domain": "de", "arm": "copy", "prompts": 8, "tok_s": 47.24, "learned_proposed": 0, "learned_kept": 0, "mismatches": 0}
{"mode": "served", "domain": "de", "arm": "learned-d2", "prompts": 8, "tok_s": 53.23, "learned_proposed": 2049, "learned_kept": 886, "mismatches": 0}
{"mode": "greedy", "domain": "chat+de x4 together", "arm": "copy", "tok_s": 113.88, "learned_proposed": 0, "learned_kept": 0}
{"mode": "greedy", "domain": "chat+de x4 together", "arm": "learned-d2", "tok_s": 121.17, "learned_proposed": 908, "learned_kept": 496}
