{"swe": [13492, 21725, 9906, 16157, 24720, 46471, 20228, 24721, 38522, 42755], "chat": [112, 131, 136, 652, 158, 61, 139, 65], "de": [85, 79, 63, 66, 68, 66, 64, 65]}
[tensorfold] kolibri1: 10/50 layers in 9s
[tensorfold] kolibri1: 20/50 layers in 17s
[tensorfold] kolibri1: 30/50 layers in 25s
[tensorfold] kolibri1: 40/50 layers in 33s
[tensorfold] kolibri1: 50/50 layers in 41s
{"mode": "greedy", "domain": "swe", "arm": "copy", "prompts": 10, "tok_s": 46.63, "learned_proposed": 0, "learned_kept": 0, "mismatches": 0}
{"mode": "greedy", "domain": "swe", "arm": "learned-d2", "prompts": 10, "tok_s": 63.13, "learned_proposed": 856, "learned_kept": 489, "mismatches": 0}
{"mode": "greedy", "domain": "chat", "arm": "copy", "prompts": 8, "tok_s": 48.21, "learned_proposed": 0, "learned_kept": 0, "mismatches": 0}
{"mode": "greedy", "domain": "chat", "arm": "learned-d2", "prompts": 8, "tok_s": 60.22, "learned_proposed": 1985, "learned_kept": 962, "mismatches": 0}
{"mode": "greedy", "domain": "de", "arm": "copy", "prompts": 8, "tok_s": 50.93, "learned_proposed": 0, "learned_kept": 0, "mismatches": 0}
{"mode": "greedy", "domain": "de", "arm": "learned-d2", "prompts": 8, "tok_s": 67.97, "learned_proposed": 1769, "learned_kept": 967, "mismatches": 0}
{"mode": "served", "domain": "swe", "arm": "copy", "prompts": 10, "tok_s": 42.5, "learned_proposed": 0, "learned_kept": 0, "mismatches": 0}
{"mode": "served", "domain": "swe", "arm": "learned-d2", "prompts": 10, "tok_s": 62.38, "learned_proposed": 638, "learned_kept": 389, "mismatches": 0}
{"mode": "served", "domain": "chat", "arm": "copy", "prompts": 8, "tok_s": 47.94, "learned_proposed": 0, "learned_kept": 0, "mismatches": 0}
{"mode": "served", "domain": "chat", "arm": "learned-d2", "prompts": 8, "tok_s": 59.33, "learned_proposed": 1989, "learned_kept": 942, "mismatches": 0}
{"mode": "served", "domain": "de", "arm": "copy", "prompts": 8, "tok_s": 47.34, "learned_proposed": 0, "learned_kept": 0, "mismatches": 0}
{"mode": "served", "domain": "de", "arm": "learned-d2", "prompts": 8, "tok_s": 56.62, "learned_proposed": 2049, "learned_kept": 886, "mismatches": 0}
{"mode": "greedy", "domain": "chat+de x4 together", "arm": "copy", "tok_s": 114.11, "learned_proposed": 0, "learned_kept": 0}
{"mode": "greedy", "domain": "chat+de x4 together", "arm": "learned-d2", "tok_s": 123.56, "learned_proposed": 910, "learned_kept": 495}
