{"swe": [13492, 21725, 9906, 16157, 24720, 46471, 20228, 24721, 38522, 42755], "chat": [112, 131, 136, 652, 158, 61, 139, 65], "de": [85, 79, 63, 66, 68, 66, 64, 65]}
[tensorfold] kolibri1: 10/50 layers in 9s
[tensorfold] kolibri1: 20/50 layers in 16s
[tensorfold] kolibri1: 30/50 layers in 24s
[tensorfold] kolibri1: 40/50 layers in 32s
[tensorfold] kolibri1: 50/50 layers in 39s
{"mode": "greedy", "domain": "swe", "arm": "copy", "prompts": 10, "tok_s": 46.4, "learned_proposed": 0, "learned_kept": 0, "mismatches": 0}
{"mode": "greedy", "domain": "swe", "arm": "learned-d2", "prompts": 10, "tok_s": 63.16, "learned_proposed": 870, "learned_kept": 482, "mismatches": 0}
{"mode": "greedy", "domain": "chat", "arm": "copy", "prompts": 8, "tok_s": 48.09, "learned_proposed": 0, "learned_kept": 0, "mismatches": 0}
{"mode": "greedy", "domain": "chat", "arm": "learned-d2", "prompts": 8, "tok_s": 61.21, "learned_proposed": 1989, "learned_kept": 960, "mismatches": 0}
{"mode": "greedy", "domain": "de", "arm": "copy", "prompts": 8, "tok_s": 50.8, "learned_proposed": 0, "learned_kept": 0, "mismatches": 0}
{"mode": "greedy", "domain": "de", "arm": "learned-d2", "prompts": 8, "tok_s": 68.92, "learned_proposed": 1777, "learned_kept": 963, "mismatches": 0}
{"mode": "served", "domain": "swe", "arm": "copy", "prompts": 10, "tok_s": 42.33, "learned_proposed": 0, "learned_kept": 0, "mismatches": 0}
{"mode": "served", "domain": "swe", "arm": "learned-d2", "prompts": 10, "tok_s": 62.04, "learned_proposed": 642, "learned_kept": 387, "mismatches": 0}
{"mode": "served", "domain": "chat", "arm": "copy", "prompts": 8, "tok_s": 47.84, "learned_proposed": 0, "learned_kept": 0, "mismatches": 0}
{"mode": "served", "domain": "chat", "arm": "learned-d2", "prompts": 8, "tok_s": 60.46, "learned_proposed": 1987, "learned_kept": 943, "mismatches": 0}
{"mode": "served", "domain": "de", "arm": "copy", "prompts": 8, "tok_s": 47.25, "learned_proposed": 0, "learned_kept": 0, "mismatches": 0}
{"mode": "served", "domain": "de", "arm": "learned-d2", "prompts": 8, "tok_s": 57.91, "learned_proposed": 2041, "learned_kept": 890, "mismatches": 0}
{"mode": "greedy", "domain": "chat+de x4 together", "arm": "copy", "tok_s": 114.01, "learned_proposed": 0, "learned_kept": 0}
{"mode": "greedy", "domain": "chat+de x4 together", "arm": "learned-d2", "tok_s": 124.54, "learned_proposed": 908, "learned_kept": 496}
