[tensorfold] kolibri1: 10/50 layers in 9s
[tensorfold] kolibri1: 20/50 layers in 17s
[tensorfold] kolibri1: 30/50 layers in 24s
[tensorfold] kolibri1: 40/50 layers in 32s
[tensorfold] kolibri1: 50/50 layers in 40s
gen-py-kolibri/django__django-13551/django__django-13551.traj.json: 12000 tokens
gen-py-kolibri/django__django-13590/django__django-13590.traj.json: 12000 tokens
gen-py-kolibri/django__django-13821/django__django-13821.traj.json: 12000 tokens
{"layer": 0, "top1_k1_k2_k3": [0.2699, 0.2074, 0.1688]}
{"layer": 1, "top1_k1_k2_k3": [0.3267, 0.2239, 0.2045]}
{"layer": 2, "top1_k1_k2_k3": [0.3682, 0.2562, 0.2199]}
{"layer": 3, "top1_k1_k2_k3": [0.3824, 0.2676, 0.2398]}
{"layer": 4, "top1_k1_k2_k3": [0.375, 0.2716, 0.2398]}
{"layer": 5, "top1_k1_k2_k3": [0.3949, 0.2761, 0.2341]}
{"layer": 6, "top1_k1_k2_k3": [0.4, 0.2784, 0.2403]}
{"layer": 7, "top1_k1_k2_k3": [0.4011, 0.2898, 0.2449]}
{"layer": 8, "top1_k1_k2_k3": [0.4011, 0.2886, 0.2375]}
{"layer": 9, "top1_k1_k2_k3": [0.4153, 0.2841, 0.2403]}
{"layer": 10, "top1_k1_k2_k3": [0.4187, 0.283, 0.233]}
{"layer": 11, "top1_k1_k2_k3": [0.4205, 0.2898, 0.2409]}
{"layer": 12, "top1_k1_k2_k3": [0.4119, 0.2807, 0.2375]}
{"layer": 13, "top1_k1_k2_k3": [0.4114, 0.2903, 0.2432]}
{"layer": 14, "top1_k1_k2_k3": [0.4165, 0.2864, 0.2335]}
{"layer": 15, "top1_k1_k2_k3": [0.4239, 0.2801, 0.2347]}
{"layer": 16, "top1_k1_k2_k3": [0.4187, 0.275, 0.2318]}
{"layer": 17, "top1_k1_k2_k3": [0.4199, 0.2795, 0.2335]}
{"layer": 18, "top1_k1_k2_k3": [0.4165, 0.2733, 0.2341]}
{"layer": 19, "top1_k1_k2_k3": [0.4153, 0.275, 0.2318]}
{"layer": 20, "top1_k1_k2_k3": [0.3994, 0.2773, 0.2307]}
{"layer": 21, "top1_k1_k2_k3": [0.3903, 0.2665, 0.229]}
{"layer": 22, "top1_k1_k2_k3": [0.4045, 0.2625, 0.229]}
{"layer": 23, "top1_k1_k2_k3": [0.3915, 0.2608, 0.2313]}
{"layer": 24, "top1_k1_k2_k3": [0.3801, 0.2631, 0.2216]}
{"layer": 25, "top1_k1_k2_k3": [0.3949, 0.2528, 0.2091]}
{"layer": 26, "top1_k1_k2_k3": [0.4062, 0.2528, 0.2142]}
{"layer": 27, "top1_k1_k2_k3": [0.3983, 0.25, 0.2108]}
{"layer": 28, "top1_k1_k2_k3": [0.4006, 0.2494, 0.2193]}
{"layer": 29, "top1_k1_k2_k3": [0.4148, 0.2398, 0.2074]}
{"layer": 30, "top1_k1_k2_k3": [0.4142, 0.2403, 0.2102]}
{"layer": 31, "top1_k1_k2_k3": [0.4244, 0.242, 0.2193]}
{"layer": 32, "top1_k1_k2_k3": [0.4313, 0.2477, 0.229]}
{"layer": 33, "top1_k1_k2_k3": [0.446, 0.2483, 0.2307]}
{"layer": 34, "top1_k1_k2_k3": [0.4574, 0.2506, 0.2165]}
{"layer": 35, "top1_k1_k2_k3": [0.4597, 0.2483, 0.2205]}
{"layer": 36, "top1_k1_k2_k3": [0.4767, 0.2506, 0.2182]}
{"layer": 37, "top1_k1_k2_k3": [0.5097, 0.2625, 0.2176]}
{"layer": 38, "top1_k1_k2_k3": [0.529, 0.2659, 0.2227]}
{"layer": 39, "top1_k1_k2_k3": [0.6273, 0.2739, 0.2216]}
{"layer": 40, "top1_k1_k2_k3": [0.6545, 0.275, 0.2324]}
{"layer": 41, "top1_k1_k2_k3": [0.7051, 0.3051, 0.2466]}
{"layer": 42, "top1_k1_k2_k3": [0.7335, 0.3136, 0.246]}
{"layer": 43, "top1_k1_k2_k3": [0.7506, 0.325, 0.2557]}
{"layer": 44, "top1_k1_k2_k3": [0.8301, 0.3517, 0.258]}
{"layer": 45, "top1_k1_k2_k3": [0.8614, 0.3591, 0.2619]}
{"layer": 46, "top1_k1_k2_k3": [0.9, 0.3619, 0.2653]}
{"layer": 47, "top1_k1_k2_k3": [0.9358, 0.3648, 0.2688]}
{"layer": 48, "top1_k1_k2_k3": [0.9551, 0.3517, 0.2631]}
{"layer": 49, "top1_k1_k2_k3": [0.9949, 0.3511, 0.2568]}
{"set": "12,25,49", "top1_k1_k2_k3": [0.996, 0.3557, 0.2631]}
{"set": "9,24,49", "top1_k1_k2_k3": [0.996, 0.358, 0.2727]}
{"set": "4,24,49", "top1_k1_k2_k3": [0.9966, 0.3602, 0.2688]}
{"set": "24,39,49", "top1_k1_k2_k3": [0.996, 0.3619, 0.2716]}
{"set": "14,29,44", "top1_k1_k2_k3": [0.833, 0.3483, 0.271]}
{"set": "34,44,49", "top1_k1_k2_k3": [0.996, 0.3705, 0.2665]}
{"set": "19,34,49", "top1_k1_k2_k3": [0.996, 0.3648, 0.2676]}
{"set": "39,44,49", "top1_k1_k2_k3": [0.9966, 0.3653, 0.2648]}
{"set": "4,9,49", "top1_k1_k2_k3": [0.9966, 0.3511, 0.2705]}
{"layers": {"0": [0.2699, 0.2074, 0.1688], "1": [0.3267, 0.2239, 0.2045], "2": [0.3682, 0.2562, 0.2199], "3": [0.3824, 0.2676, 0.2398], "4": [0.375, 0.2716, 0.2398], "5": [0.3949, 0.2761, 0.2341], "6": [0.4, 0.2784, 0.2403], "7": [0.4011, 0.2898, 0.2449], "8": [0.4011, 0.2886, 0.2375], "9": [0.4153, 0.2841, 0.2403], "10": [0.4187, 0.283, 0.233], "11": [0.4205, 0.2898, 0.2409], "12": [0.4119, 0.2807, 0.2375], "13": [0.4114, 0.2903, 0.2432], "14": [0.4165, 0.2864, 0.2335], "15": [0.4239, 0.2801, 0.2347], "16": [0.4187, 0.275, 0.2318], "17": [0.4199, 0.2795, 0.2335], "18": [0.4165, 0.2733, 0.2341], "19": [0.4153, 0.275, 0.2318], "20": [0.3994, 0.2773, 0.2307], "21": [0.3903, 0.2665, 0.229], "22": [0.4045, 0.2625, 0.229], "23": [0.3915, 0.2608, 0.2313], "24": [0.3801, 0.2631, 0.2216], "25": [0.3949, 0.2528, 0.2091], "26": [0.4062, 0.2528, 0.2142], "27": [0.3983, 0.25, 0.2108], "28": [0.4006, 0.2494, 0.2193], "29": [0.4148, 0.2398, 0.2074], "30": [0.4142, 0.2403, 0.2102], "31": [0.4244, 0.242, 0.2193], "32": [0.4313, 0.2477, 0.229], "33": [0.446, 0.2483, 0.2307], "34": [0.4574, 0.2506, 0.2165], "35": [0.4597, 0.2483, 0.2205], "36": [0.4767, 0.2506, 0.2182], "37": [0.5097, 0.2625, 0.2176], "38": [0.529, 0.2659, 0.2227], "39": [0.6273, 0.2739, 0.2216], "40": [0.6545, 0.275, 0.2324], "41": [0.7051, 0.3051, 0.2466], "42": [0.7335, 0.3136, 0.246], "43": [0.7506, 0.325, 0.2557], "44": [0.8301, 0.3517, 0.258], "45": [0.8614, 0.3591, 0.2619], "46": [0.9, 0.3619, 0.2653], "47": [0.9358, 0.3648, 0.2688], "48": [0.9551, 0.3517, 0.2631], "49": [0.9949, 0.3511, 0.2568]}, "sets": {"12,25,49": [0.996, 0.3557, 0.2631], "9,24,49": [0.996, 0.358, 0.2727], "4,24,49": [0.9966, 0.3602, 0.2688], "24,39,49": [0.996, 0.3619, 0.2716], "14,29,44": [0.833, 0.3483, 0.271], "34,44,49": [0.996, 0.3705, 0.2665], "19,34,49": [0.996, 0.3648, 0.2676], "39,44,49": [0.9966, 0.3653, 0.2648], "4,9,49": [0.9966, 0.3511, 0.2705]}}
