[tensorfold] kolibri1: 10/50 layers in 8s
[tensorfold] kolibri1: 20/50 layers in 16s
[tensorfold] kolibri1: 30/50 layers in 24s
[tensorfold] kolibri1: 40/50 layers in 31s
[tensorfold] kolibri1: 50/50 layers in 39s
drafter: 70.8M trainable; 19735 conversations (46.68M tokens), 3 held out; 22891 steps
{"epoch": 0, "step": 50, "tokens": 102400, "tok_s": 1503, "l1": 0.2106, "ce": 3.51, "top1": 0.539, "lr": 0.0001, "h": 0.02}
{"epoch": 0, "step": 100, "tokens": 204800, "tok_s": 1505, "l1": 0.2083, "ce": 3.42, "top1": 0.54, "lr": 0.0002, "h": 0.04}
{"epoch": 0, "step": 150, "tokens": 306657, "tok_s": 1516, "l1": 0.2144, "ce": 3.416, "top1": 0.543, "lr": 0.0002, "h": 0.06}
{"epoch": 0, "step": 200, "tokens": 416595, "tok_s": 1540, "l1": 0.2143, "ce": 3.285, "top1": 0.55, "lr": 0.0002, "h": 0.08}
{"epoch": 0, "step": 250, "tokens": 508755, "tok_s": 1521, "l1": 0.2106, "ce": 3.43, "top1": 0.522, "lr": 0.0002, "h": 0.09}
{"step": 250, "held_out": {"accepted": 1.1714, "top1_steps": [0.6503, 0.417, 0.3301], "chains": 40748}, "decaying": false}
{"epoch": 0, "step": 300, "tokens": 611155, "tok_s": 1481, "l1": 0.2096, "ce": 3.446, "top1": 0.504, "lr": 0.0002, "h": 0.11}
{"epoch": 0, "step": 350, "tokens": 731379, "tok_s": 1506, "l1": 0.2189, "ce": 3.317, "top1": 0.546, "lr": 0.0002, "h": 0.13}
{"epoch": 0, "step": 400, "tokens": 815347, "tok_s": 1491, "l1": 0.2142, "ce": 3.438, "top1": 0.542, "lr": 0.0002, "h": 0.15}
{"epoch": 0, "step": 450, "tokens": 941410, "tok_s": 1519, "l1": 0.2132, "ce": 3.3, "top1": 0.55, "lr": 0.0002, "h": 0.17}
{"epoch": 0, "step": 500, "tokens": 1019234, "tok_s": 1501, "l1": 0.2147, "ce": 3.287, "top1": 0.535, "lr": 0.0002, "h": 0.19}
{"step": 500, "held_out": {"accepted": 1.2069, "top1_steps": [0.6519, 0.4457, 0.3521], "chains": 40748}, "decaying": false}
{"epoch": 0, "step": 550, "tokens": 1121634, "tok_s": 1480, "l1": 0.2079, "ce": 3.312, "top1": 0.513, "lr": 0.0002, "h": 0.21}
{"epoch": 0, "step": 600, "tokens": 1222775, "tok_s": 1484, "l1": 0.2074, "ce": 3.222, "top1": 0.524, "lr": 0.0002, "h": 0.23}
{"epoch": 0, "step": 650, "tokens": 1323603, "tok_s": 1486, "l1": 0.2097, "ce": 3.223, "top1": 0.556, "lr": 0.0002, "h": 0.25}
{"epoch": 0, "step": 700, "tokens": 1426003, "tok_s": 1488, "l1": 0.2063, "ce": 3.246, "top1": 0.515, "lr": 0.0002, "h": 0.27}
{"epoch": 0, "step": 750, "tokens": 1527099, "tok_s": 1491, "l1": 0.2083, "ce": 3.09, "top1": 0.562, "lr": 0.0002, "h": 0.28}
{"step": 750, "held_out": {"accepted": 1.2316, "top1_steps": [0.649, 0.4605, 0.3928], "chains": 40748}, "decaying": false}
{"epoch": 0, "step": 800, "tokens": 1629499, "tok_s": 1478, "l1": 0.2039, "ce": 3.277, "top1": 0.529, "lr": 0.0002, "h": 0.31}
{"epoch": 0, "step": 850, "tokens": 1731899, "tok_s": 1480, "l1": 0.199, "ce": 3.064, "top1": 0.537, "lr": 0.0002, "h": 0.33}
{"epoch": 0, "step": 900, "tokens": 1833599, "tok_s": 1483, "l1": 0.2091, "ce": 3.229, "top1": 0.564, "lr": 0.0002, "h": 0.34}
{"epoch": 0, "step": 950, "tokens": 1934678, "tok_s": 1487, "l1": 0.2181, "ce": 3.128, "top1": 0.585, "lr": 0.0002, "h": 0.36}
{"epoch": 0, "step": 1000, "tokens": 2037078, "tok_s": 1488, "l1": 0.2024, "ce": 3.128, "top1": 0.533, "lr": 0.0002, "h": 0.38}
{"step": 1000, "held_out": {"accepted": 1.2401, "top1_steps": [0.6452, 0.4689, 0.3998], "chains": 40748}, "decaying": false}
{"epoch": 0, "step": 1050, "tokens": 2139478, "tok_s": 1477, "l1": 0.2024, "ce": 3.085, "top1": 0.533, "lr": 0.0002, "h": 0.4}
{"epoch": 0, "step": 1100, "tokens": 2241878, "tok_s": 1478, "l1": 0.2042, "ce": 3.118, "top1": 0.56, "lr": 0.0002, "h": 0.42}
{"epoch": 0, "step": 1150, "tokens": 2344278, "tok_s": 1479, "l1": 0.2033, "ce": 3.17, "top1": 0.539, "lr": 0.0002, "h": 0.44}
{"epoch": 0, "step": 1200, "tokens": 2446130, "tok_s": 1481, "l1": 0.2003, "ce": 2.963, "top1": 0.57, "lr": 0.0002, "h": 0.46}
{"epoch": 0, "step": 1250, "tokens": 2548530, "tok_s": 1482, "l1": 0.2019, "ce": 3.052, "top1": 0.542, "lr": 0.0002, "h": 0.48}
{"step": 1250, "held_out": {"accepted": 1.2466, "top1_steps": [0.6514, 0.47, 0.3951], "chains": 40748}, "decaying": false}
{"epoch": 0, "step": 1300, "tokens": 2650930, "tok_s": 1474, "l1": 0.2011, "ce": 3.08, "top1": 0.532, "lr": 0.0002, "h": 0.5}
{"epoch": 0, "step": 1350, "tokens": 2861874, "tok_s": 1488, "l1": 0.2083, "ce": 3.061, "top1": 0.567, "lr": 0.0002, "h": 0.53}
{"epoch": 0, "step": 1400, "tokens": 2861874, "tok_s": 1463, "l1": 0.1809, "ce": 1.147, "top1": 0.895, "lr": 0.0002, "h": 0.54}
{"epoch": 0, "step": 1450, "tokens": 2958130, "tok_s": 1463, "l1": 0.1983, "ce": 2.945, "top1": 0.562, "lr": 0.0002, "h": 0.56}
{"epoch": 0, "step": 1500, "tokens": 3059751, "tok_s": 1466, "l1": 0.2058, "ce": 3.104, "top1": 0.544, "lr": 0.0002, "h": 0.58}
{"step": 1500, "held_out": {"accepted": 1.1907, "top1_steps": [0.639, 0.4458, 0.3865], "chains": 40748}, "decaying": false}
{"epoch": 0, "step": 1550, "tokens": 3162151, "tok_s": 1459, "l1": 0.2041, "ce": 3.278, "top1": 0.508, "lr": 0.0002, "h": 0.6}
{"epoch": 0, "step": 1600, "tokens": 3263227, "tok_s": 1462, "l1": 0.2146, "ce": 3.223, "top1": 0.52, "lr": 0.0002, "h": 0.62}
{"epoch": 0, "step": 1650, "tokens": 3365627, "tok_s": 1463, "l1": 0.2014, "ce": 3.236, "top1": 0.535, "lr": 0.0002, "h": 0.64}
{"epoch": 0, "step": 1700, "tokens": 3477480, "tok_s": 1468, "l1": 0.2043, "ce": 3.219, "top1": 0.505, "lr": 0.0002, "h": 0.66}
{"epoch": 0, "step": 1750, "tokens": 3569640, "tok_s": 1467, "l1": 0.2027, "ce": 2.963, "top1": 0.544, "lr": 0.0002, "h": 0.68}
{"step": 1750, "held_out": {"accepted": 1.192, "top1_steps": [0.6397, 0.443, 0.3684], "chains": 40748}, "decaying": false}
{"epoch": 0, "step": 1800, "tokens": 3672040, "tok_s": 1462, "l1": 0.1961, "ce": 3.123, "top1": 0.505, "lr": 0.0002, "h": 0.7}
{"epoch": 0, "step": 1850, "tokens": 3774440, "tok_s": 1463, "l1": 0.1997, "ce": 3.134, "top1": 0.537, "lr": 0.0002, "h": 0.72}
{"epoch": 0, "step": 1900, "tokens": 3876840, "tok_s": 1464, "l1": 0.1972, "ce": 3.141, "top1": 0.549, "lr": 0.0002, "h": 0.74}
{"epoch": 0, "step": 1950, "tokens": 3977578, "tok_s": 1466, "l1": 0.2011, "ce": 3.015, "top1": 0.523, "lr": 0.0002, "h": 0.75}
{"epoch": 0, "step": 2000, "tokens": 4079151, "tok_s": 1467, "l1": 0.2064, "ce": 3.027, "top1": 0.55, "lr": 0.0002, "h": 0.77}
{"step": 2000, "held_out": {"accepted": 1.2402, "top1_steps": [0.6437, 0.4747, 0.394], "chains": 40748}, "decaying": false}
{"step": 2000, "plateau": [1.2466, 1.1907, 1.192, 1.2402], "decay_steps": 300}
{"epoch": 0, "step": 2050, "tokens": 4181551, "tok_s": 1463, "l1": 0.2014, "ce": 3.169, "top1": 0.526, "lr": 0.000167, "h": 0.79}
{"epoch": 0, "step": 2100, "tokens": 4283951, "tok_s": 1464, "l1": 0.1943, "ce": 3.031, "top1": 0.536, "lr": 0.000134, "h": 0.81}
{"epoch": 0, "step": 2150, "tokens": 4386351, "tok_s": 1465, "l1": 0.1928, "ce": 2.933, "top1": 0.541, "lr": 0.000101, "h": 0.83}
{"epoch": 0, "step": 2200, "tokens": 4488751, "tok_s": 1465, "l1": 0.1964, "ce": 3.043, "top1": 0.511, "lr": 6.7e-05, "h": 0.85}
{"epoch": 0, "step": 2250, "tokens": 4591151, "tok_s": 1466, "l1": 0.195, "ce": 2.959, "top1": 0.552, "lr": 3.4e-05, "h": 0.87}
{"step": 2250, "held_out": {"accepted": 1.2626, "top1_steps": [0.6486, 0.486, 0.4105], "chains": 40748}, "decaying": true}
{"epoch": 0, "step": 2300, "tokens": 4765315, "tok_s": 1470, "l1": 0.2026, "ce": 2.94, "top1": 0.561, "lr": 1e-05, "h": 0.9}
{"epoch": 0, "step": 2350, "tokens": 4793987, "tok_s": 1460, "l1": 0.1905, "ce": 2.143, "top1": 0.744, "lr": 1e-05, "h": 0.91}
{"epoch": 0, "step": 2400, "tokens": 4896387, "tok_s": 1461, "l1": 0.193, "ce": 2.943, "top1": 0.519, "lr": 1e-05, "h": 0.93}
{"epoch": 0, "step": 2450, "tokens": 4998787, "tok_s": 1462, "l1": 0.1948, "ce": 3.02, "top1": 0.528, "lr": 1e-05, "h": 0.95}
{"epoch": 0, "step": 2500, "tokens": 5101187, "tok_s": 1463, "l1": 0.1911, "ce": 2.901, "top1": 0.547, "lr": 1e-05, "h": 0.97}
{"step": 2500, "held_out": {"accepted": 1.2673, "top1_steps": [0.6481, 0.4881, 0.4157], "chains": 40748}, "decaying": true}
{"final": {"accepted": 1.2673, "top1_steps": [0.6481, 0.4881, 0.4157], "chains": 40748}, "step": 2500}
