[07:04:36] 16j step 35000 kept; stopping 16j
[07:04:38] fresh SWE
{"ckpt": "/home/jschmied/kolibri-drafter/out16j/drafter-step10000.pt", "accepted_3": 1.9134, "accepted_4": 2.2384, "top1_steps": [0.8531, 0.6481, 0.5023, 0.3968], "chains": 229055}
{"ckpt": "/home/jschmied/kolibri-drafter/out16j/drafter-step20000.pt", "accepted_3": 1.9089, "accepted_4": 2.2353, "top1_steps": [0.8532, 0.6464, 0.5014, 0.4023], "chains": 229055}
{"ckpt": "/home/jschmied/kolibri-drafter/out16j/drafter-step30000.pt", "accepted_3": 1.9121, "accepted_4": 2.2388, "top1_steps": [0.8542, 0.6468, 0.5018, 0.4], "chains": 229055}
{"ckpt": "/home/jschmied/kolibri-drafter/out16j/drafter-step35000.pt", "accepted_3": 1.9121, "accepted_4": 2.2389, "top1_steps": [0.8543, 0.6468, 0.5029, 0.4022], "chains": 229055}
[07:07:56] fresh chat
{"ckpt": "/home/jschmied/kolibri-drafter/out16j/drafter-step10000.pt", "accepted_3": 1.2931, "accepted_4": 1.4012, "top1_steps": [0.6964, 0.4476, 0.2972, 0.1971], "chains": 38167}
{"ckpt": "/home/jschmied/kolibri-drafter/out16j/drafter-step20000.pt", "accepted_3": 1.3002, "accepted_4": 1.4118, "top1_steps": [0.6974, 0.4508, 0.2981, 0.2002], "chains": 38167}
{"ckpt": "/home/jschmied/kolibri-drafter/out16j/drafter-step30000.pt", "accepted_3": 1.3024, "accepted_4": 1.4146, "top1_steps": [0.6984, 0.4515, 0.3013, 0.2006], "chains": 38167}
{"ckpt": "/home/jschmied/kolibri-drafter/out16j/drafter-step35000.pt", "accepted_3": 1.3032, "accepted_4": 1.4159, "top1_steps": [0.698, 0.4531, 0.3021, 0.2012], "chains": 38167}
[07:08:41] fresh German
{"ckpt": "/home/jschmied/kolibri-drafter/out16j/drafter-step10000.pt", "accepted_3": 1.1096, "accepted_4": 1.1973, "top1_steps": [0.6239, 0.3838, 0.2518, 0.1698], "chains": 65728}
{"ckpt": "/home/jschmied/kolibri-drafter/out16j/drafter-step20000.pt", "accepted_3": 1.1109, "accepted_4": 1.1998, "top1_steps": [0.6239, 0.3849, 0.2503, 0.1702], "chains": 65728}
{"ckpt": "/home/jschmied/kolibri-drafter/out16j/drafter-step30000.pt", "accepted_3": 1.1162, "accepted_4": 1.2052, "top1_steps": [0.6249, 0.3876, 0.2529, 0.1707], "chains": 65728}
{"ckpt": "/home/jschmied/kolibri-drafter/out16j/drafter-step35000.pt", "accepted_3": 1.1181, "accepted_4": 1.2078, "top1_steps": [0.6257, 0.3878, 0.2523, 0.1723], "chains": 65728}
[07:09:43] fp8-lane oracle + qlinear dispatch
PASS fp8 repack: [2560, 6144] codes and scale tiles equal the Python layout
PASS qlinear: 1 rows through decode and prompt equal the lane matmul's bytes
PASS fp8 lane: 1 rows x [2560, 6144] equal Python's bytes (tile 16, 8 slices, fused false, cluster true)
PASS qlinear: 3 rows through decode and prompt equal the lane matmul's bytes
PASS fp8 lane: 3 rows x [2560, 6144] equal Python's bytes (tile 16, 8 slices, fused false, cluster true)
PASS qlinear: 17 rows through decode and prompt equal the lane matmul's bytes
PASS fp8 lane: 17 rows x [2560, 6144] equal Python's bytes (tile 32, 8 slices, fused false, cluster true)
PASS qlinear: 40 rows through decode and prompt equal the lane matmul's bytes
PASS fp8 lane: 40 rows x [2560, 6144] equal Python's bytes (tile 64, 8 slices, fused false, cluster true)
PASS qlinear: 300 rows through decode and prompt equal the lane matmul's bytes
PASS fp8 lane: 300 rows x [2560, 6144] equal Python's bytes (tile 64, 8 slices, fused true, cluster false)
[07:09:45] fp8-lane rc=0
[07:09:45] main check-kernels
[07:09:51] main check-kernels rc=0
PASS lane_gemv: 1008 of 1008 projection cases byte-equal to its 16-row bytes and qmm_group; 976 split-K cases among them
PASS forked MoE: 384 of 384 (layer, rows) cases byte-equal to the one-stream MoE
[07:10:00] main p0 greedy rc=0 sha 5923b40d570b
[07:10:06] main p0 sampled rc=0 sha d38725819372
[07:10:11] main p1 greedy rc=0 sha ead827be94f5
[07:10:15] main p1 sampled rc=0 sha bb8855c2f084
[07:10:20] main p2 greedy rc=0 sha 068276d3ec75
[07:10:24] main p2 sampled rc=0 sha a6961a8c7589
[07:10:24] pr check-kernels
[07:10:29] pr check-kernels rc=0
PASS lane_gemv: 1008 of 1008 projection cases byte-equal to its 16-row bytes and qmm_group; 976 split-K cases among them
PASS forked MoE: 384 of 384 (layer, rows) cases byte-equal to the one-stream MoE
[07:10:38] pr p0 greedy rc=0 sha 5923b40d570b
[07:10:44] pr p0 sampled rc=0 sha d38725819372
[07:10:48] pr p1 greedy rc=0 sha ead827be94f5
[07:10:53] pr p1 sampled rc=0 sha bb8855c2f084
[07:10:57] pr p2 greedy rc=0 sha 068276d3ec75
[07:11:02] pr p2 sampled rc=0 sha a6961a8c7589
[07:11:02] restarting 16j
Running as unit: fx-kolibri-drafter-run16j.service; invocation ID: a3af2a01bc7b4a308158668ad6912c77
active
[07:11:22] == TFQ1 DONE ==
